ets Jul 29 2019 12:21:46

rst:0x1 (POWERON_RESET),boot:0x13 (SPI_FAST_FLASH_BOOT)
configsip: 0, SPIWP:0xee
clk_drv:0x00,q_drv:0x00,d_drv:0x00,cs0_drv:0x00,hd_drv:0x00,wp_drv:0x00
mode:DIO, clock div:2
load:0x3fff0030,len:7176
load:0x40078000,len:15564
ho 0 tail 12 room 4
load:0x40080400,len:4
load:0x40080404,len:3904
entry 0x40080640
[0;32mI (31) boot: ESP-IDF v5.4-dev-826-g8760e6d2a7-dirty 2nd stage bootloader[0m
[0;32mI (31) boot: compile time Aug  7 2024 11:36:23[0m
[0;32mI (33) boot: Multicore bootloader[0m
[0;32mI (37) boot: chip revision: v3.1[0m
[0;32mI (41) boot.esp32: SPI Speed      : 40MHz[0m
[0;32mI (46) boot.esp32: SPI Mode       : DIO[0m
[0;32mI (50) boot.esp32: SPI Flash Size : 4MB[0m
[0;32mI (55) boot: Enabling RNG early entropy source...[0m
[0;32mI (60) boot: Partition Table:[0m
[0;32mI (64) boot: ## Label            Usage          Type ST Offset   Length[0m
[0;32mI (71) boot:  0 nvs              WiFi data        01 02 00009000 00006000[0m
[0;32mI (79) boot:  1 phy_init         RF data          01 01 0000f000 00001000[0m
[0;32mI (86) boot:  2 factory          factory app      00 00 00010000 00271000[0m
[0;32mI (94) boot:  3 storage          Unknown data     01 81 00281000 00100000[0m
[0;32mI (101) boot: End of partition table[0m
[0;32mI (105) esp_image: segment 0: paddr=00010020 vaddr=3f400020 size=2a138h (172344) map[0m
[0;32mI (173) esp_image: segment 1: paddr=0003a160 vaddr=3ffb0000 size=04010h ( 16400) load[0m
[0;32mI (179) esp_image: segment 2: paddr=0003e178 vaddr=40080000 size=01ea0h (  7840) load[0m
[0;32mI (183) esp_image: segment 3: paddr=00040020 vaddr=400d0020 size=b9670h (759408) map[0m
[0;32mI (448) esp_image: segment 4: paddr=000f9698 vaddr=40081ea0 size=16e94h ( 93844) load[0m
[0;32mI (497) boot: Loaded app from partition at offset 0x10000[0m
[0;32mI (497) boot: Disabling RNG early entropy source...[0m
[0;32mI (509) cpu_start: Multicore app[0m
[0;32mI (518) cpu_start: Pro cpu start user code[0m
[0;32mI (518) cpu_start: cpu freq: 160000000 Hz[0m
[0;32mI (518) app_init: Application information:[0m
[0;32mI (521) app_init: Project name:     lvgl-demo[0m
[0;32mI (526) app_init: App version:      1[0m
[0;32mI (530) app_init: ELF file SHA256:  709834ac6aaf8c6e...[0m
[0;32mI (536) app_init: ESP-IDF:          v5.4-dev-826-g8760e6d2a7-dirty[0m
[0;32mI (543) efuse_init: Min chip rev:     v0.0[0m
[0;32mI (548) efuse_init: Max chip rev:     v3.99 [0m
[0;32mI (553) efuse_init: Chip rev:         v3.1[0m
[0;32mI (558) heap_init: Initializing. RAM available for dynamic allocation:[0m
[0;32mI (565) heap_init: At 3FFAE6E0 len 00001920 (6 KiB): DRAM[0m
[0;32mI (571) heap_init: At 3FFD4EB0 len 0000B150 (44 KiB): DRAM[0m
[0;32mI (577) heap_init: At 3FFE0440 len 00003AE0 (14 KiB): D/IRAM[0m
[0;32mI (583) heap_init: At 3FFE4350 len 0001BCB0 (111 KiB): D/IRAM[0m
[0;32mI (590) heap_init: At 40098D34 len 000072CC (28 KiB): IRAM[0m
[0;32mI (598) spi_flash: detected chip: generic[0m
[0;32mI (600) spi_flash: flash io: dio[0m
[0;32mI (605) main_task: Started on CPU0[0m
[0;32mI (615) main_task: Calling app_main()[0m

APP  LittlevGL Demo is start!~
[0;32mI (1615) main_task: Returned from app_main()[0m
lvgl_helpers->Display hor size: 320, ver size: 240
lvgl_helpers->Display buffer size: 20480
lvgl_helpers->Initializing SPI master for display
lvgl_helpers->Configuring SPI host HSPI_HOST (1)
lvgl_helpers->MISO pin: -1, MOSI pin: 13, SCLK pin: 14
lvgl_helpers->Max transfer size: 40960 (bytes)
lvgl_helpers->Initializing SPI bus...
disp_spi->Adding SPI device
disp_spi->Clock speed: 40000000Hz, mode: 0, CS pin: 15
ILI9341->ili9341 Initialization....
[0;32mI (2095) ILI9341: Enabling backlight.[0m
ILI9341->Display orientation: LANDSCAPE_INVERTED
ILI9341->0x36 command value: 0xE8
lvgl_helpers->Initializing SPI master for touch
[0;32mI (2095) gpio: GPIO[36]| InputEn: 1| OutputEn: 0| OpenDrain: 0| Pullup: 0| Pulldown: 0| Intr:0 [0m
[0;32mI (2115) gpio: GPIO[39]| InputEn: 1| OutputEn: 0| OpenDrain: 0| Pullup: 0| Pulldown: 0| Intr:0 [0m
[0;32mI (2115) XPT2046: XPT2046 Initialization[0m
I (2215) wifi:wifi driver task: 3ffdf4bc, prio:23, stack:6656, core=0
I (2225) wifi:wifi firmware version: eb97ced
I (2225) wifi:wifi certification version: v7.0
I (2225) wifi:config NVS flash: enabled
I (2225) wifi:config nano formating: disabled
I (2235) wifi:Init data frame dynamic rx buffer num: 32
I (2235) wifi:Init static rx mgmt buffer num: 5
I (2235) wifi:Init management short buffer num: 32
I (2245) wifi:Init dynamic tx buffer num: 32
I (2245) wifi:Init static rx buffer size: 1600
I (2255) wifi:Init static rx buffer num: 10
I (2255) wifi:Init dynamic rx buffer num: 32
[0;32mI (2295) wifi_init: rx ba win: 6[0m
[0;32mI (2295) wifi_init: accept mbox: 6[0m
[0;32mI (2295) wifi_init: tcpip mbox: 32[0m
[0;32mI (2295) wifi_init: udp mbox: 6[0m
[0;32mI (2295) wifi_init: tcp mbox: 6[0m
[0;32mI (2295) wifi_init: tcp tx win: 5744[0m
[0;32mI (2315) wifi_init: tcp rx win: 5744[0m
[0;32mI (2315) wifi_init: tcp mss: 1440[0m
[0;32mI (2315) wifi_init: WiFi IRAM OP enabled[0m
[0;32mI (2315) wifi_init: WiFi RX IRAM OP enabled[0m
[0;32mI (2375) phy_init: phy_version 4791,2c4672b,Dec 20 2023,16:06:06[0m
I (2455) wifi:mode : sta (cc:7b:5c:1e:94:e8)
I (2455) wifi:enable tsf
[0;32mI (2455) wifi_sta: connect to AP:19-8-ÂçßÂÆ§ [0m
[0;32mI (2455) wifi_sta: wifi_init_sta finished.[0m
I (2475) wifi:new:<6,0>, old:<1,0>, ap:<255,255>, sta:<6,0>, prof:1, snd_ch_cfg:0x0
I (2475) wifi:state: init -> auth (0xb0)
I (2485) wifi:state: auth -> assoc (0x0)
I (2505) wifi:state: assoc -> run (0x10)
I (2555) wifi:connected with 19-8-ÂçßÂÆ§, aid = 3, channel 6, BW20, bssid = 22:46:b8:df:fc:c6
I (2555) wifi:security: WPA2-PSK, phy: bgn, rssi: -9
I (2565) wifi:pm start, type: 1

I (2565) wifi:dp: 1, bi: 102400, li: 3, scale listen interval from 307200 us to 307200 us
[0;32mI (2575) wifi_sta: connected[0m
I (2635) wifi:AP's beacon interval = 102400 us, DTIM period = 1
[0;32mI (3575) esp_netif_handlers: sta ip: 192.168.3.26, mask: 255.255.255.0, gw: 192.168.3.1[0m
[0;32mI (3575) wifi_sta: got ip:192.168.3.26[0m
I (3635) wifi:<ba-add>idx:0 (ifx:0, 22:46:b8:df:fc:c6), tid:0, ssn:1, winSize:64
[0;32mI (3735) httpTask: HTTP GET Status = 200, content_length = 476[0m
data:{"results":[{"location":{"id":"9G3W82C7N13P","name":"Â¢®Ë•øÂì•Âüé","country":"MX","path":"Â¢®Ë•øÂì•Âüé,Â¢®Ë•øÂì•Âüé,Â¢®Ë•øÂì•","timezone":"America/Mexico_City","timezone_offset":"-06:00"},"now":{"text":"Â§ö‰∫ë","code":"4","temperature":"16","feels_like":"","pressure":"1017","humidity":"59","visibility":"10000","wind_direction":"Ë•ø","wind_direction_degree":"280","wind_speed":"18.5","wind_scale":"3","clouds":"40","dew_point":""},"last_update":"2025-02-20T23:09:21-06:00"}]}
