ets Jul 29 2019 12:21:46

rst:0x1 (POWERON_RESET),boot:0x13 (SPI_FAST_FLASH_BOOT)
configsip: 0, SPIWP:0xee
clk_drv:0x00,q_drv:0x00,d_drv:0x00,cs0_drv:0x00,hd_drv:0x00,wp_drv:0x00
mode:DIO, clock div:2
load:0x3fff0030,len:7176
load:0x40078000,len:15564
ho 0 tail 12 room 4
load:0x40080400,len:4
load:0x40080404,len:3904
entry 0x40080640
[0;32mI (31) boot: ESP-IDF v5.4-dev-826-g8760e6d2a7-dirty 2nd stage bootloader[0m
[0;32mI (31) boot: compile time Aug  7 2024 11:36:23[0m
[0;32mI (33) boot: Multicore bootloader[0m
[0;32mI (37) boot: chip revision: v3.1[0m
[0;32mI (41) boot.esp32: SPI Speed      : 40MHz[0m
[0;32mI (46) boot.esp32: SPI Mode       : DIO[0m
[0;32mI (50) boot.esp32: SPI Flash Size : 4MB[0m
[0;32mI (55) boot: Enabling RNG early entropy source...[0m
[0;32mI (60) boot: Partition Table:[0m
[0;32mI (64) boot: ## Label            Usage          Type ST Offset   Length[0m
[0;32mI (71) boot:  0 nvs              WiFi data        01 02 00009000 00006000[0m
[0;32mI (79) boot:  1 phy_init         RF data          01 01 0000f000 00001000[0m
[0;32mI (86) boot:  2 factory          factory app      00 00 00010000 00271000[0m
[0;32mI (94) boot:  3 storage          Unknown data     01 81 00281000 00100000[0m
[0;32mI (101) boot: End of partition table[0m
[0;32mI (105) esp_image: segment 0: paddr=00010020 vaddr=3f400020 size=2c7b0h (182192) map[0m
[0;32mI (176) esp_image: segment 1: paddr=0003c7d8 vaddr=3ffb0000 size=03840h ( 14400) load[0m
[0;32mI (182) esp_image: segment 2: paddr=00040020 vaddr=400d0020 size=bbac4h (768708) map[0m
[0;32mI (446) esp_image: segment 3: paddr=000fbaec vaddr=3ffb3840 size=00810h (  2064) load[0m
[0;32mI (447) esp_image: segment 4: paddr=000fc304 vaddr=40080000 size=18d34h (101684) load[0m
[0;32mI (504) boot: Loaded app from partition at offset 0x10000[0m
[0;32mI (504) boot: Disabling RNG early entropy source...[0m
[0;32mI (516) cpu_start: Multicore app[0m
[0;32mI (525) cpu_start: Pro cpu start user code[0m
[0;32mI (525) cpu_start: cpu freq: 160000000 Hz[0m
[0;32mI (525) app_init: Application information:[0m
[0;32mI (528) app_init: Project name:     lvgl-demo[0m
[0;32mI (533) app_init: App version:      1[0m
[0;32mI (537) app_init: ELF file SHA256:  12bce54429ce583d...[0m
[0;32mI (543) app_init: ESP-IDF:          v5.4-dev-826-g8760e6d2a7-dirty[0m
[0;32mI (550) efuse_init: Min chip rev:     v0.0[0m
[0;32mI (554) efuse_init: Max chip rev:     v3.99 [0m
[0;32mI (559) efuse_init: Chip rev:         v3.1[0m
[0;32mI (564) heap_init: Initializing. RAM available for dynamic allocation:[0m
[0;32mI (572) heap_init: At 3FFAE6E0 len 00001920 (6 KiB): DRAM[0m
[0;32mI (577) heap_init: At 3FFD4F00 len 0000B100 (44 KiB): DRAM[0m
[0;32mI (584) heap_init: At 3FFE0440 len 00003AE0 (14 KiB): D/IRAM[0m
[0;32mI (590) heap_init: At 3FFE4350 len 0001BCB0 (111 KiB): D/IRAM[0m
[0;32mI (596) heap_init: At 40098D34 len 000072CC (28 KiB): IRAM[0m
[0;32mI (604) spi_flash: detected chip: generic[0m
[0;32mI (607) spi_flash: flash io: dio[0m
[0;32mI (612) main_task: Started on CPU0[0m
[0;32mI (622) main_task: Calling app_main()[0m

APP  LittlevGL Demo is start!~
[0;32mI (1622) main_task: Returned from app_main()[0m
lvgl_helpers->Display hor size: 320, ver size: 240
lvgl_helpers->Display buffer size: 20480
lvgl_helpers->Initializing SPI master for display
lvgl_helpers->Configuring SPI host HSPI_HOST (1)
lvgl_helpers->MISO pin: -1, MOSI pin: 13, SCLK pin: 14
lvgl_helpers->Max transfer size: 40960 (bytes)
lvgl_helpers->Initializing SPI bus...
disp_spi->Adding SPI device
disp_spi->Clock speed: 40000000Hz, mode: 0, CS pin: 15
ILI9341->ili9341 Initialization....
[0;32mI (2102) ILI9341: Enabling backlight.[0m
ILI9341->Display orientation: LANDSCAPE_INVERTED
ILI9341->0x36 command value: 0xE8
lvgl_helpers->Initializing SPI master for touch
[0;32mI (2102) gpio: GPIO[36]| InputEn: 1| OutputEn: 0| OpenDrain: 0| Pullup: 0| Pulldown: 0| Intr:0 [0m
[0;32mI (2122) gpio: GPIO[39]| InputEn: 1| OutputEn: 0| OpenDrain: 0| Pullup: 0| Pulldown: 0| Intr:0 [0m
[0;32mI (2122) XPT2046: XPT2046 Initialization[0m
I (2232) wifi:wifi driver task: 3ffdf50c, prio:23, stack:6656, core=0
I (2242) wifi:wifi firmware version: eb97ced
I (2242) wifi:wifi certification version: v7.0
I (2242) wifi:config NVS flash: enabled
I (2242) wifi:config nano formating: disabled
I (2252) wifi:Init data frame dynamic rx buffer num: 32
I (2252) wifi:Init static rx mgmt buffer num: 5
I (2252) wifi:Init management short buffer num: 32
I (2262) wifi:Init dynamic tx buffer num: 32
I (2262) wifi:Init static rx buffer size: 1600
I (2272) wifi:Init static rx buffer num: 10
I (2272) wifi:Init dynamic rx buffer num: 32
[0;32mI (2312) wifi_init: rx ba win: 6[0m
[0;32mI (2312) wifi_init: accept mbox: 6[0m
[0;32mI (2312) wifi_init: tcpip mbox: 32[0m
[0;32mI (2312) wifi_init: udp mbox: 6[0m
[0;32mI (2312) wifi_init: tcp mbox: 6[0m
[0;32mI (2312) wifi_init: tcp tx win: 5744[0m
[0;32mI (2332) wifi_init: tcp rx win: 5744[0m
[0;32mI (2332) wifi_init: tcp mss: 1440[0m
[0;32mI (2332) wifi_init: WiFi IRAM OP enabled[0m
[0;32mI (2332) wifi_init: WiFi RX IRAM OP enabled[0m
[0;32mI (2392) phy_init: phy_version 4791,2c4672b,Dec 20 2023,16:06:06[0m
I (2472) wifi:mode : sta (cc:7b:5c:1e:94:e8)
I (2472) wifi:enable tsf
[0;32mI (2472) wifi_sta: connect to AP:19-8-ÂçßÂÆ§ [0m
[0;32mI (2482) wifi_sta: wifi_init_sta finished.[0m
I (2492) wifi:new:<6,0>, old:<1,0>, ap:<255,255>, sta:<6,0>, prof:1, snd_ch_cfg:0x0
I (2492) wifi:state: init -> auth (0xb0)
I (2512) wifi:state: auth -> assoc (0x0)
I (2522) wifi:state: assoc -> run (0x10)
I (2552) wifi:connected with 19-8-ÂçßÂÆ§, aid = 2, channel 6, BW20, bssid = 22:46:b8:df:fc:c6
I (2552) wifi:security: WPA2-PSK, phy: bgn, rssi: -34
I (2552) wifi:pm start, type: 1

I (2552) wifi:dp: 1, bi: 102400, li: 3, scale listen interval from 307200 us to 307200 us
[0;32mI (2562) wifi_sta: connected[0m
I (2602) wifi:AP's beacon interval = 102400 us, DTIM period = 1
[0;32mI (3562) esp_netif_handlers: sta ip: 192.168.3.26, mask: 255.255.255.0, gw: 192.168.3.1[0m
[0;32mI (3562) wifi_sta: got ip:192.168.3.26[0m
Fetching JSON data...
I (63642) wifi:<ba-add>idx:0 (ifx:0, 22:46:b8:df:fc:c6), tid:0, ssn:1, winSize:64
[0;32mI (63712) httpTask: HTTP GET Status = 200, content_length = 989[0m
data:{"results":[{"location":{"id":"WM7B0X53DZW2","name":"ÈáçÂ∫Ü","country":"CN","path":"ÈáçÂ∫Ü,ÈáçÂ∫Ü,‰∏≠ÂõΩ","timezone":"Asia/Shanghai","timezone_offset":"+08:00"},"daily":[{"date":"2025-02-21","text_day":"Èò¥","code_day":"9","text_night":"Â∞èÈõ®","code_night":"13","high":"13","low":"10","rainfall":"1.15","precip":"0.65","wind_direction":"‰∏úÂåó","wind_direction_degree":"45","wind_speed":"8.4","wind_scale":"2","humidity":"88"},{"date":"2025-02-22","text_day":"Â§ö‰∫ë","code_day":"4","text_night":"Â∞èÈõ®","code_night":"13","high":"11","low":"9","rainfall":"2.37","precip":"0.90","wind_direction":"‰∏úÂåó","wind_direction_degree":"45","wind_speed":"3.0","wind_scale":"1","humidity":"90"},{"date":"2025-02-23","text_day":"Â§ö‰∫ë","code_day":"4","text_night":"Èò¥","code_night":"9","high":"11","low":"8","rainfall":"0.00","precip":"0.00","wind_direction":"‰∏úÂåó","wind_direction_degree":"45","wind_speed":"3.0","wind_scale":"1","humidity":"90"}],"last_update":"2025-02-20T08:00:00+08:00"}]}
[0;32mI (63792) httpTask: root_arr_size: 1 
[0m
[0;32mI (63802) httpTask: sub_arr_size: 3 
[0m
[0;32mI (69812) httpTask: Finish[0m
freertosTestFun running--------
Guru Meditation Error: Core  0 panic'ed (LoadProhibited). Exception was unhandled.

Core  0 register dump:
PC      : 0x4014cbb8  PS      : 0x00060a30  A0      : 0x800fb675  A1      : 0x3ffdcc90  
A2      : 0x3ffd715c  A3      : 0x3f409078  A4      : 0x00000000  A5      : 0x00000000  
A6      : 0x00000000  A7      : 0x0000cdcd  A8      : 0x8014cbb8  A9      : 0x3ffdcc70  
A10     : 0x3ffd720c  A11     : 0x00060623  A12     : 0x00060620  A13     : 0x00060623  
A14     : 0x3ffe77d4  A15     : 0x0000cdcd  SAR     : 0x0000001a  EXCCAUSE: 0x0000001c  
EXCVADDR: 0x00000004  LBEG    : 0x4000c2e0  LEND    : 0x4000c2f6  LCOUNT  : 0x00000000  


Backtrace: 0x4014cbb5:0x3ffdcc90 0x400fb672:0x3ffdccf0 0x40188c71:0x3ffdcd10 0x401887db:0x3ffdcd40 0x40188895:0x3ffdcd80 0x4008b185:0x3ffdcda0




ELF file SHA256: 12bce54429ce583d

Rebooting...
ets Jul 29 2019 12:21:46

rst:0xc (SW_CPU_RESET),boot:0x13 (SPI_FAST_FLASH_BOOT)
configsip: 0, SPIWP:0xee
clk_drv:0x00,q_drv:0x00,d_drv:0x00,cs0_drv:0x00,hd_drv:0x00,wp_drv:0x00
mode:DIO, clock div:2
load:0x3fff0030,len:7176
load:0x40078000,len:15564
ho 0 tail 12 room 4
load:0x40080400,len:4
load:0x40080404,len:3904
entry 0x40080640
[0;32mI (31) boot: ESP-IDF v5.4-dev-826-g8760e6d2a7-dirty 2nd stage bootloader[0m
[0;32mI (31) boot: compile time Aug  7 2024 11:36:23[0m
[0;32mI (33) boot: Multicore bootloader[0m
[0;32mI (37) boot: chip revision: v3.1[0m
[0;32mI (41) boot.esp32: SPI Speed      : 40MHz[0m
[0;32mI (46) boot.esp32: SPI Mode       : DIO[0m
[0;32mI (50) boot.esp32: SPI Flash Size : 4MB[0m
[0;32mI (55) boot: Enabling RNG early entropy source...[0m
[0;32mI (60) boot: Partition Table:[0m
[0;32mI (64) boot: ## Label            Usage          Type ST Offset   Length[0m
[0;32mI (71) boot:  0 nvs              WiFi data        01 02 00009000 00006000[0m
[0;32mI (79) boot:  1 phy_init         RF data          01 01 0000f000 00001000[0m
[0;32mI (86) boot:  2 factory          factory app      00 00 00010000 00271000[0m
[0;32mI (94) boot:  3 storage          Unknown data     01 81 00281000 00100000[0m
[0;32mI (101) boot: End of partition table[0m
[0;32mI (105) esp_image: segment 0: paddr=00010020 vaddr=3f400020 size=2c7b0h (182192) map[0m
[0;32mI (176) esp_image: segment 1: paddr=0003c7d8 vaddr=3ffb0000 size=03840h ( 14400) load[0m
[0;32mI (182) esp_image: segment 2: paddr=00040020 vaddr=400d0020 size=bbac4h (768708) map[0m
[0;32mI (446) esp_image: segment 3: paddr=000fbaec vaddr=3ffb3840 size=00810h (  2064) load[0m
[0;32mI (447) esp_image: segment 4: paddr=000fc304 vaddr=40080000 size=18d34h (101684) load[0m
[0;32mI (504) boot: Loaded app from partition at offset 0x10000[0m
[0;32mI (504) boot: Disabling RNG early entropy source...[0m
[0;32mI (516) cpu_start: Multicore app[0m
[0;32mI (524) cpu_start: Pro cpu start user code[0m
[0;32mI (525) cpu_start: cpu freq: 160000000 Hz[0m
[0;32mI (525) app_init: Application information:[0m
[0;32mI (527) app_init: Project name:     lvgl-demo[0m
[0;32mI (532) app_init: App version:      1[0m
[0;32mI (537) app_init: ELF file SHA256:  12bce54429ce583d...[0m
[0;32mI (543) app_init: ESP-IDF:          v5.4-dev-826-g8760e6d2a7-dirty[0m
[0;32mI (550) efuse_init: Min chip rev:     v0.0[0m
[0;32mI (554) efuse_init: Max chip rev:     v3.99 [0m
[0;32mI (559) efuse_init: Chip rev:         v3.1[0m
[0;32mI (564) heap_init: Initializing. RAM available for dynamic allocation:[0m
[0;32mI (572) heap_init: At 3FFAE6E0 len 00001920 (6 KiB): DRAM[0m
[0;32mI (577) heap_init: At 3FFD4F00 len 0000B100 (44 KiB): DRAM[0m
[0;32mI (584) heap_init: At 3FFE0440 len 00003AE0 (14 KiB): D/IRAM[0m
[0;32mI (590) heap_init: At 3FFE4350 len 0001BCB0 (111 KiB): D/IRAM[0m
[0;32mI (596) heap_init: At 40098D34 len 000072CC (28 KiB): IRAM[0m
[0;32mI (604) spi_flash: detected chip: generic[0m
[0;32mI (607) spi_flash: flash io: dio[0m
[0;32mI (612) main_task: Started on CPU0[0m
[0;32mI (622) main_task: Calling app_main()[0m

APP  LittlevGL Demo is start!~
[0;32mI (1622) main_task: Returned from app_main()[0m
lvgl_helpers->Display hor size: 320, ver size: 240
lvgl_helpers->Display buffer size: 20480
lvgl_helpers->Initializing SPI master for display
lvgl_helpers->Configuring SPI host HSPI_HOST (1)
lvgl_helpers->MISO pin: -1, MOSI pin: 13, SCLK pin: 14
lvgl_helpers->Max transfer size: 40960 (bytes)
lvgl_helpers->Initializing SPI bus...
disp_spi->Adding SPI device
disp_spi->Clock speed: 40000000Hz, mode: 0, CS pin: 15
ILI9341->ili9341 Initialization....
[0;32mI (2102) ILI9341: Enabling backlight.[0m
ILI9341->Display orientation: LANDSCAPE_INVERTED
ILI9341->0x36 command value: 0xE8
lvgl_helpers->Initializing SPI master for touch
[0;32mI (2102) gpio: GPIO[36]| InputEn: 1| OutputEn: 0| OpenDrain: 0| Pullup: 0| Pulldown: 0| Intr:0 [0m
[0;32mI (2122) gpio: GPIO[39]| InputEn: 1| OutputEn: 0| OpenDrain: 0| Pullup: 0| Pulldown: 0| Intr:0 [0m
[0;32mI (2122) XPT2046: XPT2046 Initialization[0m
I (2232) wifi:wifi driver task: 3ffdf50c, prio:23, stack:6656, core=0
I (2242) wifi:wifi firmware version: eb97ced
I (2242) wifi:wifi certification version: v7.0
I (2242) wifi:config NVS flash: enabled
I (2242) wifi:config nano formating: disabled
I (2252) wifi:Init data frame dynamic rx buffer num: 32
I (2252) wifi:Init static rx mgmt buffer num: 5
I (2252) wifi:Init management short buffer num: 32
I (2262) wifi:Init dynamic tx buffer num: 32
I (2262) wifi:Init static rx buffer size: 1600
I (2272) wifi:Init static rx buffer num: 10
I (2272) wifi:Init dynamic rx buffer num: 32
[0;32mI (2312) wifi_init: rx ba win: 6[0m
[0;32mI (2312) wifi_init: accept mbox: 6[0m
[0;32mI (2312) wifi_init: tcpip mbox: 32[0m
[0;32mI (2312) wifi_init: udp mbox: 6[0m
[0;32mI (2312) wifi_init: tcp mbox: 6[0m
[0;32mI (2312) wifi_init: tcp tx win: 5744[0m
[0;32mI (2332) wifi_init: tcp rx win: 5744[0m
[0;32mI (2332) wifi_init: tcp mss: 1440[0m
[0;32mI (2332) wifi_init: WiFi IRAM OP enabled[0m
[0;32mI (2332) wifi_init: WiFi RX IRAM OP enabled[0m
[0;32mI (2392) phy_init: phy_version 4791,2c4672b,Dec 20 2023,16:06:06[0m
I (2472) wifi:mode : sta (cc:7b:5c:1e:94:e8)
I (2472) wifi:enable tsf
[0;32mI (2472) wifi_sta: connect to AP:19-8-ÂçßÂÆ§ [0m
[0;32mI (2482) wifi_sta: wifi_init_sta finished.[0m
I (2492) wifi:new:<6,0>, old:<1,0>, ap:<255,255>, sta:<6,0>, prof:1, snd_ch_cfg:0x0
I (2492) wifi:state: init -> auth (0xb0)
I (2512) wifi:state: auth -> assoc (0x0)
I (2512) wifi:state: assoc -> run (0x10)
I (2532) wifi:connected with 19-8-ÂçßÂÆ§, aid = 2, channel 6, BW20, bssid = 22:46:b8:df:fc:c6
I (2542) wifi:security: WPA2-PSK, phy: bgn, rssi: -35
I (2542) wifi:pm start, type: 1

I (2542) wifi:dp: 1, bi: 102400, li: 3, scale listen interval from 307200 us to 307200 us
[0;32mI (2552) wifi_sta: connected[0m
I (2662) wifi:AP's beacon interval = 102400 us, DTIM period = 1
[0;32mI (3552) esp_netif_handlers: sta ip: 192.168.3.26, mask: 255.255.255.0, gw: 192.168.3.1[0m
[0;32mI (3552) wifi_sta: got ip:192.168.3.26[0m
Fetching JSON data...
I (63612) wifi:<ba-add>idx:0 (ifx:0, 22:46:b8:df:fc:c6), tid:0, ssn:1, winSize:64
[0;32mI (63712) httpTask: HTTP GET Status = 200, content_length = 989[0m
data:{"results":[{"location":{"id":"WM7B0X53DZW2","name":"ÈáçÂ∫Ü","country":"CN","path":"ÈáçÂ∫Ü,ÈáçÂ∫Ü,‰∏≠ÂõΩ","timezone":"Asia/Shanghai","timezone_offset":"+08:00"},"daily":[{"date":"2025-02-21","text_day":"Èò¥","code_day":"9","text_night":"Â∞èÈõ®","code_night":"13","high":"13","low":"10","rainfall":"1.15","precip":"0.65","wind_direction":"‰∏úÂåó","wind_direction_degree":"45","wind_speed":"8.4","wind_scale":"2","humidity":"88"},{"date":"2025-02-22","text_day":"Â§ö‰∫ë","code_day":"4","text_night":"Â∞èÈõ®","code_night":"13","high":"11","low":"9","rainfall":"2.37","precip":"0.90","wind_direction":"‰∏úÂåó","wind_direction_degree":"45","wind_speed":"3.0","wind_scale":"1","humidity":"90"},{"date":"2025-02-23","text_day":"Â§ö‰∫ë","code_day":"4","text_night":"Èò¥","code_night":"9","high":"11","low":"8","rainfall":"0.00","precip":"0.00","wind_direction":"‰∏úÂåó","wind_direction_degree":"45","wind_speed":"3.0","wind_scale":"1","humidity":"90"}],"last_update":"2025-02-20T08:00:00+08:00"}]}
[0;32mI (63802) httpTask: root_arr_size: 1 
[0m
[0;32mI (63802) httpTask: sub_arr_size: 3 
[0m
[0;32mI (69812) httpTask: Finish[0m
